// Jest Snapshot v1, https://goo.gl/fbAQLP

exports[`<TextInput /> should match snapshot 1`] = `
<input
  data-testid="textinput-test-id"
  placeholder="Type your search"
  type="search"
  value="mock-value"
/>
`;
