// Jest Snapshot v1, https://goo.gl/fbAQLP

exports[`<Button /> should match snapshot 1`] = `
<button
  class="button"
  data-testid="button-test-id"
>
  Load more
</button>
`;
